// Jest Snapshot v1, https://goo.gl/fbAQLP

exports[`Product List Page Test Product Title in Product List 1`] = `ShallowWrapper {}`;
